// Jest Snapshot v1, https://goo.gl/fbAQLP

exports[`Form should match the snapshot 1`] = `
<form
  className="form"
>
  <input
    name="name"
    onChange={[Function]}
    placeholder="Name"
    type="text"
    value=""
  />
  <input
    name="date"
    onChange={[Function]}
    placeholder="Date (mm/dd)"
    type="text"
    value=""
  />
  <input
    name="time"
    onChange={[Function]}
    placeholder="Time"
    type="text"
  />
  <input
    name="number"
    onChange={[Function]}
    placeholder="Number of guests"
    type="number"
    value=""
  />
  <button
    onClick={[Function]}
  >
    Make Reservation
  </button>
</form>
`;
